WARN  node 94      source capture is truncated (commoncrawl.org 20150418114616) -- content may be incomplete
WARN  node 123     source capture is truncated (commoncrawl.org 20150426085312) -- content may be incomplete
WARN  node 173     comment.html (comment 99457): empty body
WARN  node 312     source capture is truncated (commoncrawl.org 20150418072945) -- content may be incomplete
WARN  node 343     source capture is truncated (commoncrawl.org 20150425065106) -- content may be incomplete
WARN  node 459     source capture is truncated (commoncrawl.org 20150420010839) -- content may be incomplete
WARN  node 507     source capture is truncated (commoncrawl.org 20150427135916) -- content may be incomplete
WARN  node 518     source capture is truncated (commoncrawl.org 20150426200509) -- content may be incomplete
WARN  node 957     source capture is truncated (commoncrawl.org 20150419093622) -- content may be incomplete
WARN  node 1083    source capture is truncated (commoncrawl.org 20150425110530) -- content may be incomplete
WARN  node 1125    source capture is truncated (commoncrawl.org 20150427044934) -- content may be incomplete
WARN  node 1331    source capture is truncated (commoncrawl.org 20150427120640) -- content may be incomplete
WARN  node 1355    source capture is truncated (commoncrawl.org 20150427173955) -- content may be incomplete
WARN  node 1503    comment.html (comment 12119): empty body
WARN  node 1582    source capture is truncated (commoncrawl.org 20150426195741) -- content may be incomplete
WARN  node 1695    source capture is truncated (commoncrawl.org 20150421115245) -- content may be incomplete
WARN  node 1795    source capture is truncated (commoncrawl.org 20150418114010) -- content may be incomplete
WARN  node 1821    source capture is truncated (commoncrawl.org 20150425013103) -- content may be incomplete
WARN  node 1920    comment.html (comment 15250): empty body
WARN  node 1920    comment.html (comment 15253): empty body
WARN  node 2109    source capture is truncated (commoncrawl.org 20150427205939) -- content may be incomplete
WARN  node 2187    source capture is truncated (commoncrawl.org 20150419052555) -- content may be incomplete
WARN  node 2278    source capture is truncated (commoncrawl.org 20150425170650) -- content may be incomplete
WARN  node 2316    source capture is truncated (commoncrawl.org 20150420013522) -- content may be incomplete
WARN  node 2380    source capture is truncated (commoncrawl.org 20150427221541) -- content may be incomplete
WARN  node 2895    source capture is truncated (commoncrawl.org 20150419012157) -- content may be incomplete
WARN  node 2965    source capture is truncated (commoncrawl.org 20150421092100) -- content may be incomplete
WARN  node 3187    source capture is truncated (commoncrawl.org 20150419035606) -- content may be incomplete
WARN  node 3466    source capture is truncated (commoncrawl.org 20150425232959) -- content may be incomplete
WARN  node 3466    comment.html (comment 26818): empty body
WARN  node 3850    source capture is truncated (commoncrawl.org 20150427063252) -- content may be incomplete
WARN  node 4032    comment.html (comment 30111): empty body
WARN  node 4061    comment.html (comment 99458): empty body
WARN  node 4094    source capture is truncated (commoncrawl.org 20150427142059) -- content may be incomplete
WARN  node 4144    source capture is truncated (commoncrawl.org 20150421065112) -- content may be incomplete
WARN  node 4156    source capture is truncated (commoncrawl.org 20150428041635) -- content may be incomplete
WARN  node 4156    comment.html (comment 30931): empty body
WARN  node 4486    source capture is truncated (commoncrawl.org 20150419102650) -- content may be incomplete
WARN  node 4486    comment.html (comment 32993): empty body
WARN  node 4486    comment.html (comment 33002): empty body
WARN  node 4486    comment.html (comment 33014): empty body
WARN  node 4486    comment.html (comment 33016): empty body
WARN  node 4486    comment.html (comment 33017): empty body
WARN  node 4553    source capture is truncated (commoncrawl.org 20150421144118) -- content may be incomplete
WARN  node 4622    source capture is truncated (commoncrawl.org 20150418141548) -- content may be incomplete
WARN  node 5052    source capture is truncated (commoncrawl.org 20150425071048) -- content may be incomplete
WARN  node 5063    source capture is truncated (commoncrawl.org 20150418173552) -- content may be incomplete
WARN  node 5150    comment.html (comment 37361): empty body
WARN  node 5303    source capture is truncated (commoncrawl.org 20150428112347) -- content may be incomplete
WARN  node 5370    comment.html (comment 38699): empty body
WARN  node 7483    source capture is truncated (commoncrawl.org 20150421135724) -- content may be incomplete
WARN  node 7608    source capture is truncated (commoncrawl.org 20150428054130) -- content may be incomplete
WARN  node 7739    source capture is truncated (commoncrawl.org 20150427171438) -- content may be incomplete
WARN  node 7739    comment.html (comment 52388): empty body
WARN  node 7740    source capture is truncated (commoncrawl.org 20150426065052) -- content may be incomplete
WARN  node 7740    comment.html (comment 52476): empty body
WARN  node 7740    comment.html (comment 52501): empty body
WARN  node 7740    comment.html (comment 52502): empty body
WARN  node 9086    source capture is truncated (commoncrawl.org 20150428045729) -- content may be incomplete
WARN  node 9212    comment.html (comment 59794): empty body
WARN  node 9245    source capture is truncated (commoncrawl.org 20150427125452) -- content may be incomplete
WARN  node 9413    source capture is truncated (commoncrawl.org 20150427110555) -- content may be incomplete
WARN  node 9548    source capture is truncated (commoncrawl.org 20150419083352) -- content may be incomplete
WARN  node 10709   source capture is truncated (commoncrawl.org 20150419081846) -- content may be incomplete
WARN  node 10748   source capture is truncated (commoncrawl.org 20150421121628) -- content may be incomplete
WARN  node 10772   source capture is truncated (commoncrawl.org 20150425182537) -- content may be incomplete
WARN  node 10835   source capture is truncated (commoncrawl.org 20150427223409) -- content may be incomplete
WARN  node 10837   source capture is truncated (commoncrawl.org 20150419015455) -- content may be incomplete
WARN  node 10900   source capture is truncated (commoncrawl.org 20150420013122) -- content may be incomplete
WARN  node 10964   source capture is truncated (commoncrawl.org 20150418082643) -- content may be incomplete
WARN  node 11013   source capture is truncated (commoncrawl.org 20150420013729) -- content may be incomplete
WARN  node 11087   source capture is truncated (commoncrawl.org 20150427144340) -- content may be incomplete
WARN  node 11105   comment.html (comment 70196): empty body
WARN  node 12216   source capture is truncated (commoncrawl.org 20150425165153) -- content may be incomplete
WARN  node 12298   post.user_id: no user id (author "Guest")
WARN  node 12493   source capture is truncated (commoncrawl.org 20150419180821) -- content may be incomplete
WARN  node 12630   source capture is truncated (commoncrawl.org 20150418100618) -- content may be incomplete
WARN  node 12648   source capture is truncated (commoncrawl.org 20150418072055) -- content may be incomplete
WARN  node 12883   source capture is truncated (commoncrawl.org 20150425134952) -- content may be incomplete
WARN  node 13083   source capture is truncated (commoncrawl.org 20150425050247) -- content may be incomplete
WARN  node 13138   source capture is truncated (commoncrawl.org 20150427010257) -- content may be incomplete
WARN  node 13406   source capture is truncated (commoncrawl.org 20150425162919) -- content may be incomplete
WARN  node 13500   source capture is truncated (commoncrawl.org 20150428195550) -- content may be incomplete
WARN  node 13636   source capture is truncated (commoncrawl.org 20150418071526) -- content may be incomplete
ERROR node 13987   post.html: empty post body
WARN  node 14300   source capture is truncated (commoncrawl.org 20150427144447) -- content may be incomplete
ERROR node 14352   post.html: empty post body
WARN  node 14373   source capture is truncated (commoncrawl.org 20150425114814) -- content may be incomplete
WARN  node 14431   comment.html (comment 83123): empty body
WARN  node 14576   source capture is truncated (commoncrawl.org 20150427212237) -- content may be incomplete
WARN  node 14705   source capture is truncated (commoncrawl.org 20150427173259) -- content may be incomplete
WARN  node 14737   source capture is truncated (commoncrawl.org 20150428115747) -- content may be incomplete
WARN  node 14818   source capture is truncated (commoncrawl.org 20150426024509) -- content may be incomplete
WARN  node 15249   source capture is truncated (commoncrawl.org 20150421072301) -- content may be incomplete
WARN  node 15249   comment.html (comment 95403): empty body
WARN  node 15249   comment.html (comment 95404): empty body
WARN  node 15249   comment.html (comment 95405): empty body
WARN  node 15535   source capture is truncated (commoncrawl.org 20150427142357) -- content may be incomplete
WARN  node 15548   source capture is truncated (commoncrawl.org 20150419035814) -- content may be incomplete
WARN  node 15794   source capture is truncated (commoncrawl.org 20150425045055) -- content may be incomplete
WARN  node 15849   source capture is truncated (commoncrawl.org 20150428112140) -- content may be incomplete
WARN  node 15982   source capture is truncated (commoncrawl.org 20150418193422) -- content may be incomplete
WARN  node 16043   source capture is truncated (commoncrawl.org 20150419120828) -- content may be incomplete
WARN  node 16147   source capture is truncated (commoncrawl.org 20150421082336) -- content may be incomplete
WARN  node 16265   source capture is truncated (commoncrawl.org 20150428043717) -- content may be incomplete
WARN  node 16296   source capture is truncated (commoncrawl.org 20150428060320) -- content may be incomplete
WARN  node 16413   source capture is truncated (commoncrawl.org 20150418133126) -- content may be incomplete
WARN  node 16469   source capture is truncated (commoncrawl.org 20150425044858) -- content may be incomplete
WARN  node 16534   comment.user_id (comment 333616): no user id (author "Chris Dean")
WARN  node 16550   source capture is truncated (commoncrawl.org 20150419133510) -- content may be incomplete
WARN  node 16695   source capture is truncated (commoncrawl.org 20150427105351) -- content may be incomplete
WARN  node 16748   comment.user_id (comment 539621): no user id (author "Chris Dean")
WARN  node 16838   source capture is truncated (commoncrawl.org 20150425091854) -- content may be incomplete
WARN  node 16876   source capture is truncated (commoncrawl.org 20150426001445) -- content may be incomplete
WARN  node 17024   source capture is truncated (commoncrawl.org 20150420013544) -- content may be incomplete
WARN  node 17051   source capture is truncated (commoncrawl.org 20150427094457) -- content may be incomplete
WARN  node 17095   source capture is truncated (commoncrawl.org 20150425071059) -- content may be incomplete
WARN  node 17136   source capture is truncated (commoncrawl.org 20150418123829) -- content may be incomplete
WARN  node 17236   source capture is truncated (commoncrawl.org 20150425025427) -- content may be incomplete
WARN  node 17582   source capture is truncated (commoncrawl.org 20150421084548) -- content may be incomplete
WARN  node 17647   source capture is truncated (commoncrawl.org 20150425202807) -- content may be incomplete
WARN  node 17706   source capture is truncated (commoncrawl.org 20150425063708) -- content may be incomplete
WARN  node 17745   source capture is truncated (commoncrawl.org 20150426160916) -- content may be incomplete
WARN  node 18165   source capture is truncated (commoncrawl.org 20150418173753) -- content may be incomplete
WARN  node 18165   comment.user_id (comment 355902): no user id (author "Chris Dean")
WARN  node 18227   source capture is truncated (commoncrawl.org 20150421143636) -- content may be incomplete
WARN  node 18231   source capture is truncated (commoncrawl.org 20150426064948) -- content may be incomplete
WARN  node 18235   source capture is truncated (commoncrawl.org 20150426085229) -- content may be incomplete
WARN  node 18387   source capture is truncated (commoncrawl.org 20150428010517) -- content may be incomplete
WARN  node 18551   source capture is truncated (commoncrawl.org 20150427134015) -- content may be incomplete
WARN  node 18586   source capture is truncated (commoncrawl.org 20150418211614) -- content may be incomplete
WARN  node 18679   source capture is truncated (commoncrawl.org 20150427090641) -- content may be incomplete
WARN  node 18710   source capture is truncated (commoncrawl.org 20150418121838) -- content may be incomplete
WARN  node 19012   source capture is truncated (commoncrawl.org 20150426173717) -- content may be incomplete
WARN  node 19013   source capture is truncated (commoncrawl.org 20150419015444) -- content may be incomplete
WARN  node 19393   source capture is truncated (commoncrawl.org 20150425200826) -- content may be incomplete
WARN  node 19516   source capture is truncated (commoncrawl.org 20150427072032) -- content may be incomplete
WARN  node 19789   source capture is truncated (commoncrawl.org 20150425091740) -- content may be incomplete
WARN  node 19832   source capture is truncated (commoncrawl.org 20150426114406) -- content may be incomplete
WARN  node 20233   source capture is truncated (commoncrawl.org 20150425191522) -- content may be incomplete
WARN  node 20252   source capture is truncated (commoncrawl.org 20150419100006) -- content may be incomplete
WARN  node 20508   source capture is truncated (commoncrawl.org 20150427142200) -- content may be incomplete
WARN  node 20879   source capture is truncated (commoncrawl.org 20150427091204) -- content may be incomplete
WARN  node 20992   source capture is truncated (commoncrawl.org 20150426120632) -- content may be incomplete
WARN  node 21034   source capture is truncated (commoncrawl.org 20150428105827) -- content may be incomplete
WARN  node 21090   source capture is truncated (commoncrawl.org 20150418204456) -- content may be incomplete
ERROR node 21170   post.html: empty post body
WARN  node 27315   source capture is truncated (commoncrawl.org 20150428030441) -- content may be incomplete
WARN  node 27323   source capture is truncated (commoncrawl.org 20150428121328) -- content may be incomplete
WARN  node 27640   source capture is truncated (commoncrawl.org 20150425004139) -- content may be incomplete
WARN  node 27736   source capture is truncated (commoncrawl.org 20150428060807) -- content may be incomplete
WARN  node 27817   source capture is truncated (commoncrawl.org 20150427135759) -- content may be incomplete
WARN  node 28219   source capture is truncated (commoncrawl.org 20150427044117) -- content may be incomplete
WARN  node 28292   source capture is truncated (commoncrawl.org 20150425005019) -- content may be incomplete
WARN  node 28295   source capture is truncated (commoncrawl.org 20150419080606) -- content may be incomplete
WARN  node 28416   source capture is truncated (commoncrawl.org 20150426025745) -- content may be incomplete
WARN  node 28536   source capture is truncated (commoncrawl.org 20150425165426) -- content may be incomplete
WARN  node 28764   source capture is truncated (commoncrawl.org 20150426032054) -- content may be incomplete
WARN  node 28777   source capture is truncated (commoncrawl.org 20150426054111) -- content may be incomplete
WARN  node 28777   comment.user_id (comment 164013): no user id (author "Chris Dean")
WARN  node 28817   source capture is truncated (commoncrawl.org 20150426132349) -- content may be incomplete
WARN  node 28831   source capture is truncated (commoncrawl.org 20150419054229) -- content may be incomplete
WARN  node 28845   source capture is truncated (commoncrawl.org 20150419095651) -- content may be incomplete
WARN  node 28862   source capture is truncated (commoncrawl.org 20150418091907) -- content may be incomplete
WARN  node 28919   source capture is truncated (commoncrawl.org 20150418174104) -- content may be incomplete
WARN  node 29048   source capture is truncated (commoncrawl.org 20150425024428) -- content may be incomplete
WARN  node 29066   source capture is truncated (commoncrawl.org 20150421090809) -- content may be incomplete
WARN  node 29066   comment.user_id (comment 181391): no user id (author "Alaskan")
WARN  node 29178   source capture is truncated (commoncrawl.org 20150419014733) -- content may be incomplete
WARN  node 29260   comment.user_id (comment 167113): no user id (author "Chris Dean")
WARN  node 29362   source capture is truncated (commoncrawl.org 20150426125054) -- content may be incomplete
WARN  node 29398   source capture is truncated (commoncrawl.org 20150427050023) -- content may be incomplete
WARN  node 29489   comment.user_id (comment 168781): no user id (author "Chris Dean")
WARN  node 29489   comment.user_id (comment 458124): no user id (author "Chris Dean")
WARN  node 29567   source capture is truncated (commoncrawl.org 20150421154000) -- content may be incomplete
WARN  node 29580   source capture is truncated (commoncrawl.org 20150426045945) -- content may be incomplete
WARN  node 29581   source capture is truncated (commoncrawl.org 20150419192351) -- content may be incomplete
WARN  node 29637   source capture is truncated (commoncrawl.org 20150425144532) -- content may be incomplete
WARN  node 29648   source capture is truncated (commoncrawl.org 20150419124641) -- content may be incomplete
WARN  node 29708   source capture is truncated (commoncrawl.org 20150421083550) -- content may be incomplete
WARN  node 29711   source capture is truncated (commoncrawl.org 20150418061444) -- content may be incomplete
WARN  node 29761   source capture is truncated (commoncrawl.org 20150427050528) -- content may be incomplete
WARN  node 29898   source capture is truncated (commoncrawl.org 20150426102459) -- content may be incomplete
WARN  node 29929   source capture is truncated (commoncrawl.org 20150426013439) -- content may be incomplete
WARN  node 30024   source capture is truncated (commoncrawl.org 20150425120815) -- content may be incomplete
WARN  node 30069   source capture is truncated (commoncrawl.org 20150427093439) -- content may be incomplete
WARN  node 30098   source capture is truncated (commoncrawl.org 20150425191635) -- content may be incomplete
WARN  node 30159   source capture is truncated (commoncrawl.org 20150426231430) -- content may be incomplete
WARN  node 30291   post.user_id: no user id (author "Guest")
WARN  node 30291   comment.user_id (comment 175621): no user id (author "Alaskan")
WARN  node 30291   comment.user_id (comment 175745): no user id (author "Alaskan")
WARN  node 30291   comment.user_id (comment 175816): no user id (author "Alaskan")
WARN  node 30291   comment.user_id (comment 175820): no user id (author "Alaskan")
WARN  node 30291   comment.user_id (comment 176035): no user id (author "Alaskan")
WARN  node 30291   comment.user_id (comment 176050): no user id (author "Alaskan")
WARN  node 30291   comment.user_id (comment 176248): no user id (author "Alaskan")
WARN  node 30295   source capture is truncated (commoncrawl.org 20150425130116) -- content may be incomplete
WARN  node 30449   source capture is truncated (commoncrawl.org 20150419181025) -- content may be incomplete
WARN  node 30811   source capture is truncated (commoncrawl.org 20150428021936) -- content may be incomplete
WARN  node 30896   post.user_id: no user id (author "Chris Dean")
WARN  node 30896   comment.user_id (comment 180533): no user id (author "Chris Dean")
WARN  node 30960   source capture is truncated (commoncrawl.org 20150428042244) -- content may be incomplete
WARN  node 30981   source capture is truncated (commoncrawl.org 20150426114217) -- content may be incomplete
WARN  node 30985   comment.user_id (comment 181148): no user id (author "Alaskan")
WARN  node 31079   comment.user_id (comment 181993): no user id (author "Alaskan")
WARN  node 31132   source capture is truncated (commoncrawl.org 20150426120402) -- content may be incomplete
WARN  node 31206   comment.user_id (comment 183383): no user id (author "Alaskan")
WARN  node 31338   source capture is truncated (commoncrawl.org 20150421132940) -- content may be incomplete
WARN  node 31345   source capture is truncated (commoncrawl.org 20150428045113) -- content may be incomplete
WARN  node 31345   comment.user_id (comment 218065): no user id (author "warren schultheis")
WARN  node 31349   source capture is truncated (commoncrawl.org 20150425143506) -- content may be incomplete
WARN  node 31354   source capture is truncated (commoncrawl.org 20150427161718) -- content may be incomplete
WARN  node 31395   source capture is truncated (commoncrawl.org 20150421072706) -- content may be incomplete
WARN  node 31399   source capture is truncated (commoncrawl.org 20150425183804) -- content may be incomplete
WARN  node 31427   source capture is truncated (commoncrawl.org 20150427182539) -- content may be incomplete
WARN  node 31758   comment.user_id (comment 187352): no user id (author "Alaskan")
WARN  node 31820   source capture is truncated (commoncrawl.org 20150419155649) -- content may be incomplete
WARN  node 31958   source capture is truncated (commoncrawl.org 20150418194739) -- content may be incomplete
WARN  node 31963   source capture is truncated (commoncrawl.org 20150427092534) -- content may be incomplete
WARN  node 32176   source capture is truncated (commoncrawl.org 20150428040604) -- content may be incomplete
WARN  node 32332   comment.user_id (comment 191574): no user id (author "Alaskan")
WARN  node 32455   source capture is truncated (commoncrawl.org 20150426095830) -- content may be incomplete
WARN  node 32487   comment.html (comment 192845): empty body
WARN  node 32683   source capture is truncated (commoncrawl.org 20150421020956) -- content may be incomplete
WARN  node 32709   source capture is truncated (commoncrawl.org 20150426175748) -- content may be incomplete
WARN  node 33005   source capture is truncated (commoncrawl.org 20150419175451) -- content may be incomplete
WARN  node 33188   source capture is truncated (commoncrawl.org 20150426134516) -- content may be incomplete
WARN  node 33330   source capture is truncated (commoncrawl.org 20150425015004) -- content may be incomplete
WARN  node 33468   source capture is truncated (commoncrawl.org 20150419211103) -- content may be incomplete
WARN  node 33647   source capture is truncated (commoncrawl.org 20150418155219) -- content may be incomplete
WARN  node 33734   source capture is truncated (commoncrawl.org 20150426094529) -- content may be incomplete
WARN  node 34046   source capture is truncated (commoncrawl.org 20150421145609) -- content may be incomplete
WARN  node 34363   source capture is truncated (commoncrawl.org 20150427225704) -- content may be incomplete
WARN  node 34377   source capture is truncated (commoncrawl.org 20150426100432) -- content may be incomplete
WARN  node 34497   source capture is truncated (commoncrawl.org 20150421072711) -- content may be incomplete
WARN  node 34553   source capture is truncated (commoncrawl.org 20150418163146) -- content may be incomplete
WARN  node 35009   source capture is truncated (commoncrawl.org 20150426030918) -- content may be incomplete
WARN  node 35349   source capture is truncated (commoncrawl.org 20150427013714) -- content may be incomplete
WARN  node 35727   source capture is truncated (commoncrawl.org 20150419211911) -- content may be incomplete
WARN  node 36045   source capture is truncated (commoncrawl.org 20150426121326) -- content may be incomplete
WARN  node 36117   post.user_id: no user id (author "Guest")
WARN  node 36117   comment.user_id (comment 219408): no user id (author "warren schultheis")
WARN  node 36117   comment.user_id (comment 219455): no user id (author "warren schultheis")
WARN  node 36120   source capture is truncated (commoncrawl.org 20150418151313) -- content may be incomplete
WARN  node 36335   source capture is truncated (commoncrawl.org 20150419075719) -- content may be incomplete
WARN  node 36473   source capture is truncated (commoncrawl.org 20150426155940) -- content may be incomplete
WARN  node 36474   source capture is truncated (commoncrawl.org 20150426200808) -- content may be incomplete
WARN  node 36478   source capture is truncated (commoncrawl.org 20150419045822) -- content may be incomplete
WARN  node 36610   source capture is truncated (commoncrawl.org 20150421113518) -- content may be incomplete
WARN  node 36663   source capture is truncated (commoncrawl.org 20150428065933) -- content may be incomplete
WARN  node 36751   source capture is truncated (commoncrawl.org 20150418141642) -- content may be incomplete
WARN  node 36855   source capture is truncated (commoncrawl.org 20150421031030) -- content may be incomplete
WARN  node 36953   comment.user_id (comment 225896): no user id (author "Alaskan")
WARN  node 37072   source capture is truncated (commoncrawl.org 20150418194319) -- content may be incomplete
WARN  node 37075   source capture is truncated (commoncrawl.org 20150418134909) -- content may be incomplete
WARN  node 37310   source capture is truncated (commoncrawl.org 20150427141918) -- content may be incomplete
WARN  node 37675   comment.html (comment 230940): empty body
WARN  node 38047   source capture is truncated (commoncrawl.org 20150419034204) -- content may be incomplete
WARN  node 38807   source capture is truncated (commoncrawl.org 20150421120035) -- content may be incomplete
WARN  node 38956   post.user_id: no user id (author "Chris Dean")
WARN  node 38971   source capture is truncated (commoncrawl.org 20150426084758) -- content may be incomplete
WARN  node 38988   source capture is truncated (commoncrawl.org 20150419080617) -- content may be incomplete
WARN  node 39304   source capture is truncated (commoncrawl.org 20150428110747) -- content may be incomplete
WARN  node 39397   source capture is truncated (commoncrawl.org 20150428042154) -- content may be incomplete
WARN  node 39592   source capture is truncated (commoncrawl.org 20150427191459) -- content may be incomplete
WARN  node 39635   comment.user_id (comment 243666): no user id (author "Alaskan")
WARN  node 39635   comment.user_id (comment 243797): no user id (author "Alaskan")
WARN  node 39698   post.user_id: no user id (author "Chris Dean")
WARN  node 39698   comment.user_id (comment 243926): no user id (author "Chris Dean")
WARN  node 39698   comment.user_id (comment 243931): no user id (author "Chris Dean")
WARN  node 39698   comment.user_id (comment 243939): no user id (author "Chris Dean")
WARN  node 39698   comment.user_id (comment 243945): no user id (author "Chris Dean")
WARN  node 39698   comment.user_id (comment 243954): no user id (author "Chris Dean")
WARN  node 39917   source capture is truncated (commoncrawl.org 20150418091721) -- content may be incomplete
WARN  node 40280   comment.html (comment 248042): empty body
WARN  node 40338   source capture is truncated (commoncrawl.org 20150425115704) -- content may be incomplete
WARN  node 40359   source capture is truncated (commoncrawl.org 20150427190012) -- content may be incomplete
WARN  node 40360   source capture is truncated (commoncrawl.org 20150428031820) -- content may be incomplete
WARN  node 40439   source capture is truncated (commoncrawl.org 20150421032737) -- content may be incomplete
WARN  node 40525   source capture is truncated (commoncrawl.org 20150428044601) -- content may be incomplete
WARN  node 40729   source capture is truncated (commoncrawl.org 20150425050527) -- content may be incomplete
WARN  node 40781   source capture is truncated (commoncrawl.org 20150426001715) -- content may be incomplete
WARN  node 41105   source capture is truncated (commoncrawl.org 20150427015427) -- content may be incomplete
WARN  node 41124   source capture is truncated (commoncrawl.org 20150426124509) -- content may be incomplete
WARN  node 41191   source capture is truncated (commoncrawl.org 20150426171442) -- content may be incomplete
WARN  node 41253   source capture is truncated (commoncrawl.org 20150426045817) -- content may be incomplete
WARN  node 41301   source capture is truncated (commoncrawl.org 20150425115310) -- content may be incomplete
WARN  node 41365   source capture is truncated (commoncrawl.org 20150418201405) -- content may be incomplete
WARN  node 41577   source capture is truncated (commoncrawl.org 20150427111420) -- content may be incomplete
WARN  node 41577   comment.user_id (comment 352712): no user id (author "Chris Dean")
WARN  node 41672   source capture is truncated (commoncrawl.org 20150427011455) -- content may be incomplete
WARN  node 41687   source capture is truncated (commoncrawl.org 20150419195347) -- content may be incomplete
WARN  node 41761   comment.html (comment 258408): empty body
WARN  node 41785   source capture is truncated (commoncrawl.org 20150428120849) -- content may be incomplete
WARN  node 41924   source capture is truncated (commoncrawl.org 20150421040620) -- content may be incomplete
ERROR node 41960   post.html: empty post body
WARN  node 42036   source capture is truncated (commoncrawl.org 20150419142216) -- content may be incomplete
WARN  node 42054   comment.user_id (comment 259482): no user id (author "Alaskan")
WARN  node 42278   source capture is truncated (commoncrawl.org 20150425192058) -- content may be incomplete
WARN  node 42541   comment.html (comment 261847): empty body
WARN  node 42577   source capture is truncated (commoncrawl.org 20150418122548) -- content may be incomplete
WARN  node 42590   source capture is truncated (commoncrawl.org 20150421095337) -- content may be incomplete
WARN  node 42632   source capture is truncated (commoncrawl.org 20150427002343) -- content may be incomplete
WARN  node 42897   source capture is truncated (commoncrawl.org 20150426062502) -- content may be incomplete
WARN  node 42939   comment.user_id (comment 264913): no user id (author "Alaskan")
WARN  node 42939   comment.user_id (comment 265101): no user id (author "Alaskan")
WARN  node 42960   source capture is truncated (commoncrawl.org 20150418153314) -- content may be incomplete
ERROR node 43214   post.html: empty post body
WARN  node 43312   source capture is truncated (commoncrawl.org 20150421090720) -- content may be incomplete
WARN  node 43397   source capture is truncated (commoncrawl.org 20150421115612) -- content may be incomplete
WARN  node 43627   source capture is truncated (commoncrawl.org 20150426134527) -- content may be incomplete
WARN  node 43707   post.user_id: no user id (author "Chris Dean")
WARN  node 43707   comment.user_id (comment 269400): no user id (author "Chris Dean")
WARN  node 43707   comment.user_id (comment 269529): no user id (author "Chris Dean")
WARN  node 43707   comment.user_id (comment 269546): no user id (author "Chris Dean")
WARN  node 43707   comment.user_id (comment 269716): no user id (author "Chris Dean")
WARN  node 43707   comment.user_id (comment 285205): no user id (author "Chris Dean")
WARN  node 43707   comment.user_id (comment 285506): no user id (author "Chris Dean")
WARN  node 43707   comment.user_id (comment 288777): no user id (author "Chris Dean")
WARN  node 43707   comment.user_id (comment 289221): no user id (author "Chris Dean")
WARN  node 43707   comment.user_id (comment 291110): no user id (author "Chris Dean")
WARN  node 43707   comment.user_id (comment 296077): no user id (author "Chris Dean")
WARN  node 43707   comment.user_id (comment 301216): no user id (author "Chris Dean")
WARN  node 43707   comment.user_id (comment 302484): no user id (author "Chris Dean")
WARN  node 43707   comment.user_id (comment 302485): no user id (author "Chris Dean")
WARN  node 43707   comment.user_id (comment 318790): no user id (author "Chris Dean")
WARN  node 43707   comment.user_id (comment 334089): no user id (author "Chris Dean")
WARN  node 43707   comment.user_id (comment 354962): no user id (author "Chris Dean")
WARN  node 43707   comment.user_id (comment 378182): no user id (author "Chris Dean")
WARN  node 43707   comment.user_id (comment 379451): no user id (author "Chris Dean")
WARN  node 43707   comment.user_id (comment 382072): no user id (author "Chris Dean")
WARN  node 43707   comment.user_id (comment 488954): no user id (author "Chris Dean")
WARN  node 43755   comment.user_id (comment 269780): no user id (author "Alaskan")
WARN  node 43945   post.user_id: no user id (author "Chris Dean")
WARN  node 43945   comment.user_id (comment 270899): no user id (author "Chris Dean")
WARN  node 43945   comment.user_id (comment 270945): no user id (author "Chris Dean")
WARN  node 43945   comment.user_id (comment 270946): no user id (author "Chris Dean")
WARN  node 43971   source capture is truncated (commoncrawl.org 20150426095714) -- content may be incomplete
WARN  node 44344   source capture is truncated (commoncrawl.org 20150421032226) -- content may be incomplete
WARN  node 44585   source capture is truncated (commoncrawl.org 20150425115227) -- content may be incomplete
WARN  node 44833   source capture is truncated (commoncrawl.org 20150427210611) -- content may be incomplete
WARN  node 45498   source capture is truncated (commoncrawl.org 20150419084249) -- content may be incomplete
WARN  node 46139   source capture is truncated (commoncrawl.org 20150426201648) -- content may be incomplete
WARN  node 46166   source capture is truncated (commoncrawl.org 20150425163458) -- content may be incomplete
WARN  node 46301   source capture is truncated (commoncrawl.org 20150419050034) -- content may be incomplete
WARN  node 46640   source capture is truncated (commoncrawl.org 20150421093447) -- content may be incomplete
WARN  node 47202   source capture is truncated (commoncrawl.org 20150419012909) -- content may be incomplete
WARN  node 47413   comment.user_id (comment 320087): no user id (author "Chris Dean")
WARN  node 47731   source capture is truncated (commoncrawl.org 20150425070235) -- content may be incomplete
WARN  node 47917   source capture is truncated (commoncrawl.org 20150426001353) -- content may be incomplete
WARN  node 48411   source capture is truncated (commoncrawl.org 20150419030724) -- content may be incomplete
WARN  node 48495   source capture is truncated (commoncrawl.org 20150427121940) -- content may be incomplete
WARN  node 48502   source capture is truncated (commoncrawl.org 20150426095610) -- content may be incomplete
WARN  node 48746   source capture is truncated (commoncrawl.org 20150418094212) -- content may be incomplete
WARN  node 48950   source capture is truncated (commoncrawl.org 20150419020633) -- content may be incomplete
WARN  node 49026   source capture is truncated (commoncrawl.org 20150425225941) -- content may be incomplete
WARN  node 49227   source capture is truncated (commoncrawl.org 20150425110649) -- content may be incomplete
WARN  node 49240   source capture is truncated (commoncrawl.org 20150421131726) -- content may be incomplete
WARN  node 49347   source capture is truncated (commoncrawl.org 20150419111953) -- content may be incomplete
WARN  node 49385   source capture is truncated (commoncrawl.org 20150421073408) -- content may be incomplete
WARN  node 49547   comment.html (comment 326432): empty body
WARN  node 49794   source capture is truncated (commoncrawl.org 20150425063958) -- content may be incomplete
WARN  node 49872   source capture is truncated (commoncrawl.org 20150419051317) -- content may be incomplete
WARN  node 49974   source capture is truncated (commoncrawl.org 20150427091451) -- content may be incomplete
WARN  node 50053   source capture is truncated (commoncrawl.org 20150425050845) -- content may be incomplete
WARN  node 50093   source capture is truncated (commoncrawl.org 20150425112127) -- content may be incomplete
WARN  node 50105   source capture is truncated (commoncrawl.org 20150419112247) -- content may be incomplete
WARN  node 50153   source capture is truncated (commoncrawl.org 20150427212645) -- content may be incomplete
WARN  node 50534   comment.html (comment 306710): empty body
WARN  node 50618   source capture is truncated (commoncrawl.org 20150425220840) -- content may be incomplete
WARN  node 50679   source capture is truncated (commoncrawl.org 20150419050543) -- content may be incomplete
WARN  node 50834   source capture is truncated (commoncrawl.org 20150427182238) -- content may be incomplete
WARN  node 50855   comment.user_id (comment 338674): no user id (author "Chris Dean")
WARN  node 50960   source capture is truncated (commoncrawl.org 20150427205432) -- content may be incomplete
WARN  node 51441   source capture is truncated (commoncrawl.org 20150419120232) -- content may be incomplete
ERROR node 52000   post.html: empty post body
WARN  node 52022   source capture is truncated (commoncrawl.org 20150420010808) -- content may be incomplete
WARN  node 52275   source capture is truncated (commoncrawl.org 20150427071023) -- content may be incomplete
WARN  node 52358   source capture is truncated (commoncrawl.org 20150425234128) -- content may be incomplete
WARN  node 52379   source capture is truncated (commoncrawl.org 20150419083808) -- content may be incomplete
WARN  node 52576   comment.user_id (comment 317571): no user id (author "Chris Dean")
WARN  node 52576   comment.user_id (comment 317583): no user id (author "Chris Dean")
WARN  node 52616   comment.user_id (comment 320085): no user id (author "Chris Dean")
WARN  node 52684   comment.user_id (comment 525868): no user id (author "Chris Dean")
WARN  node 52785   comment.user_id (comment 453440): no user id (author "Chris Dean")
WARN  node 53068   source capture is truncated (commoncrawl.org 20150418151530) -- content may be incomplete
WARN  node 53071   post.user_id: no user id (author "Chris Dean")
ERROR node 53210   post.html: empty post body
WARN  node 53210   comment.html (comment 321710): empty body
WARN  node 53284   comment.user_id (comment 322008): no user id (author "Chris Dean")
WARN  node 53444   source capture is truncated (commoncrawl.org 20150418164057) -- content may be incomplete
WARN  node 53444   comment.user_id (comment 322633): no user id (author "Chris Dean")
ERROR node 53542   post.html: empty post body
WARN  node 53752   comment.user_id (comment 323983): no user id (author "Chris Dean")
WARN  node 73827   source capture is truncated (commoncrawl.org 20150426100550) -- content may be incomplete
WARN  node 73943   source capture is truncated (commoncrawl.org 20150426210225) -- content may be incomplete
WARN  node 74267   comment.user_id (comment 429867): no user id (author "Chris Dean")
WARN  node 74267   comment.user_id (comment 429999): no user id (author "Chris Dean")
WARN  node 74267   comment.user_id (comment 431048): no user id (author "Chris Dean")
WARN  node 74297   comment.user_id (comment 429948): no user id (author "Alaskan")
WARN  node 74436   comment.user_id (comment 546893): no user id (author "Chris Dean")
WARN  node 74436   comment.user_id (comment 558030): no user id (author "Chris Dean")
WARN  node 74477   source capture is truncated (commoncrawl.org 20150425132210) -- content may be incomplete
WARN  node 74501   comment.user_id (comment 431293): no user id (author "Chris Dean")
WARN  node 74501   comment.user_id (comment 431298): no user id (author "Chris Dean")
WARN  node 74594   comment.user_id (comment 431186): no user id (author "Chris Dean")
WARN  node 74718   source capture is truncated (commoncrawl.org 20150419033006) -- content may be incomplete
WARN  node 74841   comment.user_id (comment 432507): no user id (author "Chris Dean")
WARN  node 74935   source capture is truncated (commoncrawl.org 20150419193153) -- content may be incomplete
WARN  node 74950   comment.user_id (comment 432800): no user id (author "Chris Dean")
WARN  node 75064   source capture is truncated (commoncrawl.org 20150419163422) -- content may be incomplete
WARN  node 75127   comment.user_id (comment 433642): no user id (author "Chris Dean")
WARN  node 75248   source capture is truncated (commoncrawl.org 20150419035201) -- content may be incomplete
WARN  node 75290   source capture is truncated (commoncrawl.org 20150421144129) -- content may be incomplete
WARN  node 75315   source capture is truncated (commoncrawl.org 20150421034047) -- content may be incomplete
WARN  node 75449   comment.user_id (comment 435223): no user id (author "Alaskan")
WARN  node 75449   comment.user_id (comment 435459): no user id (author "Alaskan")
WARN  node 75456   source capture is truncated (commoncrawl.org 20150419161847) -- content may be incomplete
WARN  node 75563   source capture is truncated (commoncrawl.org 20150426181000) -- content may be incomplete
WARN  node 75661   comment.user_id (comment 436457): no user id (author "Chris Dean")
WARN  node 75697   source capture is truncated (commoncrawl.org 20150421133624) -- content may be incomplete
WARN  node 75883   source capture is truncated (commoncrawl.org 20150418140634) -- content may be incomplete
WARN  node 75930   source capture is truncated (commoncrawl.org 20150421073323) -- content may be incomplete
WARN  node 75939   comment.user_id (comment 538057): no user id (author "Chris Dean")
WARN  node 75939   comment.user_id (comment 538074): no user id (author "Chris Dean")
WARN  node 76317   source capture is truncated (commoncrawl.org 20150426050952) -- content may be incomplete
WARN  node 76375   comment.user_id (comment 439950): no user id (author "Chris Dean")
WARN  node 76398   source capture is truncated (commoncrawl.org 20150419075547) -- content may be incomplete
WARN  node 76398   comment.user_id (comment 440198): no user id (author "Chris Dean")
WARN  node 76425   source capture is truncated (commoncrawl.org 20150426155248) -- content may be incomplete
WARN  node 76441   source capture is truncated (commoncrawl.org 20150428035233) -- content may be incomplete
WARN  node 76472   source capture is truncated (commoncrawl.org 20150418234832) -- content may be incomplete
WARN  node 76489   source capture is truncated (commoncrawl.org 20150427124954) -- content may be incomplete
WARN  node 76751   source capture is truncated (commoncrawl.org 20150427124851) -- content may be incomplete
WARN  node 76804   source capture is truncated (commoncrawl.org 20150419192854) -- content may be incomplete
WARN  node 76944   post.user_id: no user id (author "Guest")
WARN  node 77045   source capture is truncated (commoncrawl.org 20150426215057) -- content may be incomplete
WARN  node 77161   source capture is truncated (commoncrawl.org 20150425133826) -- content may be incomplete
WARN  node 77435   comment.user_id (comment 445359): no user id (author "Chris Dean")
WARN  node 77453   source capture is truncated (commoncrawl.org 20150427225201) -- content may be incomplete
WARN  node 77485   comment.user_id (comment 444906): no user id (author "Chris Dean")
WARN  node 77498   comment.user_id (comment 445099): no user id (author "Alaskan")
WARN  node 77498   comment.user_id (comment 445251): no user id (author "Alaskan")
WARN  node 77618   source capture is truncated (commoncrawl.org 20150420005651) -- content may be incomplete
WARN  node 77618   comment.user_id (comment 446065): no user id (author "Chris Dean")
WARN  node 77618   comment.user_id (comment 446118): no user id (author "Chris Dean")
WARN  node 77619   comment.user_id (comment 446853): no user id (author "Alaskan")
WARN  node 77630   source capture is truncated (commoncrawl.org 20150418032047) -- content may be incomplete
WARN  node 77668   comment.user_id (comment 446083): no user id (author "Chris Dean")
WARN  node 77699   comment.user_id (comment 454071): no user id (author "Alaskan")
WARN  node 77699   comment.user_id (comment 454138): no user id (author "Alaskan")
WARN  node 77711   source capture is truncated (commoncrawl.org 20150418095024) -- content may be incomplete
WARN  node 77718   source capture is truncated (commoncrawl.org 20150421143955) -- content may be incomplete
WARN  node 77734   comment.user_id (comment 446491): no user id (author "Alaskan")
WARN  node 77762   comment.user_id (comment 446341): no user id (author "Alaskan")
ERROR node 77991   post.html: empty post body
WARN  node 78027   source capture is truncated (commoncrawl.org 20150419163954) -- content may be incomplete
WARN  node 78068   comment.user_id (comment 447637): no user id (author "Alaskan")
WARN  node 78080   comment.user_id (comment 447727): no user id (author "Alaskan")
WARN  node 78080   comment.user_id (comment 447778): no user id (author "Alaskan")
WARN  node 78080   comment.user_id (comment 447782): no user id (author "Alaskan")
WARN  node 78173   source capture is truncated (commoncrawl.org 20150421135447) -- content may be incomplete
WARN  node 78243   comment.user_id (comment 448411): no user id (author "Chris Dean")
WARN  node 78243   comment.user_id (comment 448824): no user id (author "Chris Dean")
WARN  node 78339   comment.user_id (comment 449563): no user id (author "Alaskan")
WARN  node 78388   source capture is truncated (commoncrawl.org 20150419050024) -- content may be incomplete
WARN  node 78597   comment.user_id (comment 451497): no user id (author "Chris Dean")
WARN  node 78638   comment.user_id (comment 450330): no user id (author "Alaskan")
WARN  node 78640   comment.user_id (comment 456677): no user id (author "Alaskan")
WARN  node 78640   comment.user_id (comment 456681): no user id (author "Alaskan")
WARN  node 78640   comment.user_id (comment 457530): no user id (author "Alaskan")
WARN  node 78640   comment.user_id (comment 457708): no user id (author "Alaskan")
WARN  node 78691   source capture is truncated (commoncrawl.org 20150419175133) -- content may be incomplete
WARN  node 78748   comment.user_id (comment 450603): no user id (author "Chris Dean")
WARN  node 78750   source capture is truncated (commoncrawl.org 20150418100608) -- content may be incomplete
WARN  node 78835   comment.user_id (comment 451026): no user id (author "Chris Dean")
WARN  node 78887   comment.user_id (comment 451936): no user id (author "Chris Dean")
WARN  node 78900   source capture is truncated (commoncrawl.org 20150419195003) -- content may be incomplete
WARN  node 78934   source capture is truncated (commoncrawl.org 20150425075458) -- content may be incomplete
WARN  node 78981   source capture is truncated (commoncrawl.org 20150426015337) -- content may be incomplete
WARN  node 78981   comment.user_id (comment 451576): no user id (author "Chris Dean")
WARN  node 78981   comment.user_id (comment 451702): no user id (author "Chris Dean")
WARN  node 79048   comment.user_id (comment 451889): no user id (author "Chris Dean")
WARN  node 79200   source capture is truncated (commoncrawl.org 20150420014918) -- content may be incomplete
WARN  node 79200   comment.user_id (comment 452639): no user id (author "Chris Dean")
WARN  node 79307   post.user_id: no user id (author "Chris Dean")
WARN  node 79307   comment.user_id (comment 452913): no user id (author "Chris Dean")
WARN  node 79307   comment.user_id (comment 452942): no user id (author "Chris Dean")
WARN  node 79307   comment.user_id (comment 453137): no user id (author "Chris Dean")
WARN  node 79307   comment.user_id (comment 453590): no user id (author "Chris Dean")
WARN  node 79307   comment.user_id (comment 453672): no user id (author "Chris Dean")
WARN  node 79307   comment.user_id (comment 453687): no user id (author "Chris Dean")
WARN  node 79307   comment.user_id (comment 453693): no user id (author "Chris Dean")
WARN  node 79307   comment.user_id (comment 496782): no user id (author "Chris Dean")
WARN  node 79307   comment.user_id (comment 552287): no user id (author "Chris Dean")
WARN  node 79307   comment.user_id (comment 552288): no user id (author "Chris Dean")
WARN  node 79307   comment.user_id (comment 552290): no user id (author "Chris Dean")
WARN  node 79325   comment.user_id (comment 453143): no user id (author "Chris Dean")
WARN  node 79325   comment.user_id (comment 453144): no user id (author "Alaskan")
WARN  node 79325   comment.user_id (comment 454671): no user id (author "Alaskan")
WARN  node 79371   source capture is truncated (commoncrawl.org 20150427164021) -- content may be incomplete
WARN  node 79374   source capture is truncated (commoncrawl.org 20150428124616) -- content may be incomplete
WARN  node 79386   post.user_id: no user id (author "Chris Dean")
WARN  node 79432   comment.user_id (comment 453522): no user id (author "Chris Dean")
WARN  node 79432   comment.user_id (comment 454371): no user id (author "Alaskan")
WARN  node 79432   comment.user_id (comment 454436): no user id (author "Chris Dean")
WARN  node 79480   source capture is truncated (commoncrawl.org 20150418121314) -- content may be incomplete
WARN  node 79480   comment.user_id (comment 453831): no user id (author "Chris Dean")
WARN  node 79480   comment.user_id (comment 453833): no user id (author "Chris Dean")
WARN  node 79480   comment.user_id (comment 454152): no user id (author "Chris Dean")
WARN  node 79631   comment.user_id (comment 454250): no user id (author "Alaskan")
WARN  node 79691   source capture is truncated (commoncrawl.org 20150419145102) -- content may be incomplete
WARN  node 79691   comment.user_id (comment 454503): no user id (author "Chris Dean")
WARN  node 79691   comment.user_id (comment 454510): no user id (author "Chris Dean")
WARN  node 79691   comment.user_id (comment 454660): no user id (author "Chris Dean")
WARN  node 79718   comment.user_id (comment 454551): no user id (author "Alaskan")
WARN  node 79765   comment.user_id (comment 454669): no user id (author "Alaskan")
WARN  node 79788   comment.user_id (comment 454764): no user id (author "Alaskan")
WARN  node 79792   source capture is truncated (commoncrawl.org 20150426070310) -- content may be incomplete
WARN  node 79817   source capture is truncated (commoncrawl.org 20150418120327) -- content may be incomplete
WARN  node 79849   comment.user_id (comment 455115): no user id (author "Chris Dean")
WARN  node 79849   comment.user_id (comment 455141): no user id (author "Chris Dean")
WARN  node 79849   comment.user_id (comment 455187): no user id (author "Chris Dean")
WARN  node 80095   comment.user_id (comment 455976): no user id (author "Chris Dean")
WARN  node 80423   comment.user_id (comment 456922): no user id (author "Alaskan")
WARN  node 80480   comment.user_id (comment 457783): no user id (author "Chris Dean")
WARN  node 80657   comment.user_id (comment 458128): no user id (author "Alaskan")
WARN  node 80883   source capture is truncated (commoncrawl.org 20150421065319) -- content may be incomplete
WARN  node 80883   comment.user_id (comment 458983): no user id (author "Chris Dean")
WARN  node 80883   comment.user_id (comment 460491): no user id (author "Chris Dean")
WARN  node 80883   comment.user_id (comment 463729): no user id (author "Chris Dean")
WARN  node 80883   comment.user_id (comment 466502): no user id (author "Chris Dean")
WARN  node 80883   comment.user_id (comment 495024): no user id (author "Chris Dean")
WARN  node 80883   comment.user_id (comment 525984): no user id (author "Chris Dean")
WARN  node 80883   comment.user_id (comment 545886): no user id (author "Chris Dean")
WARN  node 81129   source capture is truncated (commoncrawl.org 20150428111004) -- content may be incomplete
WARN  node 81357   post.user_id: no user id (author "Chris Dean")
WARN  node 81392   comment.user_id (comment 534557): no user id (author "Chris Dean")
WARN  node 81392   comment.user_id (comment 534582): no user id (author "Chris Dean")
WARN  node 81392   comment.user_id (comment 534605): no user id (author "Chris Dean")
WARN  node 81392   comment.user_id (comment 535648): no user id (author "Chris Dean")
WARN  node 81392   comment.user_id (comment 535825): no user id (author "Chris Dean")
WARN  node 81399   comment.user_id (comment 461090): no user id (author "Chris Dean")
WARN  node 81399   comment.user_id (comment 461103): no user id (author "Chris Dean")
WARN  node 81491   source capture is truncated (commoncrawl.org 20150419233608) -- content may be incomplete
WARN  node 81517   comment.user_id (comment 523307): no user id (author "Chris Dean")
WARN  node 81540   source capture is truncated (commoncrawl.org 20150421083709) -- content may be incomplete
WARN  node 81685   comment.user_id (comment 462168): no user id (author "Chris Dean")
WARN  node 89919   source capture is truncated (commoncrawl.org 20150428160507) -- content may be incomplete
WARN  node 89975   comment.user_id (comment 494699): no user id (author "Chris Dean")
WARN  node 89975   comment.user_id (comment 494767): no user id (author "Chris Dean")
WARN  node 90053   source capture is truncated (commoncrawl.org 20150419082608) -- content may be incomplete
WARN  node 90208   source capture is truncated (commoncrawl.org 20150428105346) -- content may be incomplete
WARN  node 90261   comment.user_id (comment 495794): no user id (author "Chris Dean")
WARN  node 90305   comment.user_id (comment 496103): no user id (author "Chris Dean")
WARN  node 90356   source capture is truncated (commoncrawl.org 20150427010515) -- content may be incomplete
WARN  node 90561   comment.user_id (comment 519414): no user id (author "Chris Dean")
WARN  node 90604   source capture is truncated (commoncrawl.org 20150418094626) -- content may be incomplete
WARN  node 90606   source capture is truncated (commoncrawl.org 20150421035509) -- content may be incomplete
WARN  node 90928   source capture is truncated (commoncrawl.org 20150421065845) -- content may be incomplete
WARN  node 90928   comment.user_id (comment 499017): no user id (author "Chris Dean")
WARN  node 91063   source capture is truncated (commoncrawl.org 20150419015400) -- content may be incomplete
WARN  node 91063   comment.user_id (comment 506917): no user id (author "Chris Dean")
WARN  node 91063   comment.user_id (comment 506929): no user id (author "Chris Dean")
WARN  node 91063   comment.user_id (comment 507037): no user id (author "Chris Dean")
WARN  node 91063   comment.user_id (comment 507222): no user id (author "Chris Dean")
WARN  node 91063   comment.user_id (comment 507232): no user id (author "Chris Dean")
ERROR node 91136   post.html: empty post body
ERROR node 91137   post.html: empty post body
WARN  node 91162   source capture is truncated (commoncrawl.org 20150426032535) -- content may be incomplete
WARN  node 91315   comment.user_id (comment 502360): no user id (author "Chris Dean")
ERROR node 91335   post.html: empty post body
WARN  node 91529   comment.user_id (comment 536720): no user id (author "Chris Dean")
WARN  node 91655   comment.user_id (comment 502891): no user id (author "Chris Dean")
WARN  node 91850   source capture is truncated (commoncrawl.org 20150419095945) -- content may be incomplete
WARN  node 91904   source capture is truncated (commoncrawl.org 20150427020817) -- content may be incomplete
WARN  node 91972   source capture is truncated (commoncrawl.org 20150418234517) -- content may be incomplete
ERROR node 91997   post.html: empty post body
WARN  node 92054   comment.user_id (comment 530765): no user id (author "Chris Dean")
WARN  node 92078   source capture is truncated (commoncrawl.org 20150428113257) -- content may be incomplete
WARN  node 92112   source capture is truncated (commoncrawl.org 20150425142729) -- content may be incomplete
WARN  node 92299   comment.user_id (comment 506372): no user id (author "Chris Dean")
WARN  node 92299   comment.user_id (comment 506380): no user id (author "Chris Dean")
WARN  node 92299   comment.user_id (comment 506393): no user id (author "Chris Dean")
WARN  node 92299   comment.user_id (comment 506395): no user id (author "Chris Dean")
WARN  node 92299   comment.user_id (comment 506652): no user id (author "Chris Dean")
WARN  node 92299   comment.user_id (comment 506679): no user id (author "Chris Dean")
WARN  node 92484   source capture is truncated (commoncrawl.org 20150425164924) -- content may be incomplete
WARN  node 92503   comment.user_id (comment 507181): no user id (author "Chris Dean")
WARN  node 92503   comment.user_id (comment 507193): no user id (author "Chris Dean")
WARN  node 92530   comment.user_id (comment 517525): no user id (author "Chris Dean")
WARN  node 92641   source capture is truncated (commoncrawl.org 20150418100547) -- content may be incomplete
WARN  node 92641   comment.user_id (comment 508138): no user id (author "Chris Dean")
WARN  node 92658   source capture is truncated (commoncrawl.org 20150427054305) -- content may be incomplete
WARN  node 92998   post.user_id: no user id (author "Chris Dean")
WARN  node 93091   comment.user_id (comment 536021): no user id (author "Chris Dean")
WARN  node 93276   comment.user_id (comment 510685): no user id (author "Chris Dean")
WARN  node 93386   source capture is truncated (commoncrawl.org 20150421030546) -- content may be incomplete
WARN  node 93449   source capture is truncated (commoncrawl.org 20150419124622) -- content may be incomplete
WARN  node 93573   source capture is truncated (commoncrawl.org 20150427134026) -- content may be incomplete
WARN  node 93599   comment.user_id (comment 523318): no user id (author "Chris Dean")
WARN  node 93634   source capture is truncated (commoncrawl.org 20150418211000) -- content may be incomplete
WARN  node 93899   comment.user_id (comment 534628): no user id (author "Chris Dean")
WARN  node 93899   comment.user_id (comment 534629): no user id (author "Chris Dean")
WARN  node 93913   source capture is truncated (commoncrawl.org 20150428052827) -- content may be incomplete
WARN  node 93945   source capture is truncated (commoncrawl.org 20150427042839) -- content may be incomplete
WARN  node 94105   source capture is truncated (commoncrawl.org 20150427105822) -- content may be incomplete
WARN  node 94174   source capture is truncated (commoncrawl.org 20150428003730) -- content may be incomplete
WARN  node 94247   comment.user_id (comment 534630): no user id (author "Chris Dean")
WARN  node 94305   source capture is truncated (commoncrawl.org 20150421104448) -- content may be incomplete
WARN  node 94312   comment.user_id (comment 516047): no user id (author "Chris Dean")
WARN  node 94461   source capture is truncated (commoncrawl.org 20150425093418) -- content may be incomplete
WARN  node 94478   source capture is truncated (commoncrawl.org 20150419113540) -- content may be incomplete
WARN  node 94552   source capture is truncated (commoncrawl.org 20150428104552) -- content may be incomplete
WARN  node 94562   source capture is truncated (commoncrawl.org 20150420013646) -- content may be incomplete
WARN  node 94812   comment.user_id (comment 521947): no user id (author "Chris Dean")
WARN  node 94968   source capture is truncated (commoncrawl.org 20150425110540) -- content may be incomplete
WARN  node 95050   source capture is truncated (commoncrawl.org 20150418135604) -- content may be incomplete
WARN  node 95069   comment.user_id (comment 517129): no user id (author "Chris Dean")
WARN  node 95069   comment.user_id (comment 517181): no user id (author "Chris Dean")
WARN  node 95155   comment.user_id (comment 517544): no user id (author "Chris Dean")
WARN  node 95155   comment.user_id (comment 517560): no user id (author "Chris Dean")
WARN  node 95179   comment.user_id (comment 523079): no user id (author "Chris Dean")
WARN  node 95183   comment.user_id (comment 517514): no user id (author "Chris Dean")
WARN  node 95220   comment.user_id (comment 517798): no user id (author "Chris Dean")
WARN  node 95220   comment.user_id (comment 517802): no user id (author "Chris Dean")
WARN  node 95276   comment.user_id (comment 542797): no user id (author "Chris Dean")
WARN  node 95280   source capture is truncated (commoncrawl.org 20150421083517) -- content may be incomplete
WARN  node 95281   comment.user_id (comment 521694): no user id (author "Chris Dean")
WARN  node 95318   source capture is truncated (commoncrawl.org 20150426084503) -- content may be incomplete
WARN  node 95405   comment.user_id (comment 521693): no user id (author "Chris Dean")
WARN  node 95431   comment.user_id (comment 518466): no user id (author "Chris Dean")
WARN  node 95431   comment.user_id (comment 518900): no user id (author "Chris Dean")
WARN  node 95431   comment.user_id (comment 519372): no user id (author "Chris Dean")
WARN  node 95437   comment.user_id (comment 518748): no user id (author "Chris Dean")
WARN  node 95437   comment.user_id (comment 518787): no user id (author "Chris Dean")
WARN  node 95517   comment.user_id (comment 518887): no user id (author "Chris Dean")
WARN  node 95591   source capture is truncated (commoncrawl.org 20150426054817) -- content may be incomplete
WARN  node 95591   comment.user_id (comment 521692): no user id (author "Chris Dean")
WARN  node 95607   comment.user_id (comment 521945): no user id (author "Chris Dean")
WARN  node 95612   source capture is truncated (commoncrawl.org 20150421065037) -- content may be incomplete
WARN  node 95630   comment.user_id (comment 519270): no user id (author "Chris Dean")
WARN  node 95688   comment.user_id (comment 521691): no user id (author "Chris Dean")
WARN  node 95694   comment.user_id (comment 523078): no user id (author "Chris Dean")
WARN  node 95713   source capture is truncated (commoncrawl.org 20150426052814) -- content may be incomplete
WARN  node 95720   comment.user_id (comment 522463): no user id (author "Chris Dean")
WARN  node 95734   post.user_id: no user id (author "Chris Dean")
WARN  node 95734   comment.user_id (comment 519663): no user id (author "Chris Dean")
WARN  node 95734   comment.user_id (comment 519664): no user id (author "Chris Dean")
WARN  node 95734   comment.user_id (comment 519761): no user id (author "Chris Dean")
WARN  node 95734   comment.user_id (comment 519978): no user id (author "Chris Dean")
WARN  node 95734   comment.user_id (comment 520311): no user id (author "Chris Dean")
WARN  node 95954   comment.user_id (comment 524038): no user id (author "Chris Dean")
WARN  node 95972   comment.user_id (comment 524036): no user id (author "Chris Dean")
WARN  node 99210   comment.user_id (comment 535676): no user id (author "Chris Dean")
WARN  node 99210   comment.user_id (comment 535679): no user id (author "Chris Dean")
WARN  node 99210   comment.user_id (comment 535733): no user id (author "Chris Dean")
WARN  node 99210   comment.user_id (comment 535747): no user id (author "Chris Dean")
WARN  node 99233   comment.user_id (comment 536182): no user id (author "Chris Dean")
WARN  node 99233   comment.user_id (comment 536191): no user id (author "Chris Dean")
WARN  node 99233   comment.user_id (comment 536193): no user id (author "Chris Dean")
WARN  node 99233   comment.user_id (comment 536490): no user id (author "Chris Dean")
WARN  node 99244   source capture is truncated (commoncrawl.org 20150427093500) -- content may be incomplete
WARN  node 99260   source capture is truncated (commoncrawl.org 20150426071749) -- content may be incomplete
WARN  node 99260   comment.user_id (comment 535932): no user id (author "Chris Dean")
WARN  node 99265   comment.user_id (comment 535931): no user id (author "Chris Dean")
WARN  node 99362   comment.user_id (comment 537455): no user id (author "Chris Dean")
WARN  node 99364   source capture is truncated (commoncrawl.org 20150425233335) -- content may be incomplete
WARN  node 99390   comment.user_id (comment 537360): no user id (author "Chris Dean")
WARN  node 99404   comment.user_id (comment 537608): no user id (author "Chris Dean")
WARN  node 99450   comment.user_id (comment 548811): no user id (author "Chris Dean")
WARN  node 99518   source capture is truncated (commoncrawl.org 20150418072221) -- content may be incomplete
WARN  node 99520   source capture is truncated (commoncrawl.org 20150426231130) -- content may be incomplete
WARN  node 99528   comment.user_id (comment 537613): no user id (author "Chris Dean")
WARN  node 99531   comment.user_id (comment 537612): no user id (author "Chris Dean")
WARN  node 99660   comment.user_id (comment 537978): no user id (author "Chris Dean")
WARN  node 99660   comment.user_id (comment 538148): no user id (author "Chris Dean")
WARN  node 99740   comment.user_id (comment 538219): no user id (author "Chris Dean")
WARN  node 99740   comment.user_id (comment 538246): no user id (author "Chris Dean")
WARN  node 99740   comment.user_id (comment 538607): no user id (author "Chris Dean")
WARN  node 99740   comment.user_id (comment 538966): no user id (author "Chris Dean")
WARN  node 99800   comment.user_id (comment 538671): no user id (author "Chris Dean")
WARN  node 99800   comment.user_id (comment 538749): no user id (author "Chris Dean")
WARN  node 99800   comment.user_id (comment 539614): no user id (author "Chris Dean")
WARN  node 99822   comment.user_id (comment 539646): no user id (author "Chris Dean")
WARN  node 99898   source capture is truncated (commoncrawl.org 20150419032949) -- content may be incomplete
WARN  node 99899   comment.user_id (comment 539648): no user id (author "Chris Dean")
WARN  node 99899   comment.user_id (comment 540060): no user id (author "Chris Dean")
WARN  node 99899   comment.user_id (comment 549103): no user id (author "Chris Dean")
WARN  node 99916   comment.user_id (comment 539536): no user id (author "Chris Dean")
WARN  node 99916   comment.user_id (comment 539616): no user id (author "Chris Dean")
WARN  node 99924   comment.user_id (comment 539972): no user id (author "Chris Dean")
WARN  node 99939   source capture is truncated (commoncrawl.org 20150419105938) -- content may be incomplete
WARN  node 99941   comment.user_id (comment 539617): no user id (author "Chris Dean")
WARN  node 99948   comment.user_id (comment 539618): no user id (author "Chris Dean")
WARN  node 99949   comment.user_id (comment 539643): no user id (author "Chris Dean")
WARN  node 99972   source capture is truncated (commoncrawl.org 20150426060659) -- content may be incomplete
WARN  node 99998   comment.user_id (comment 540104): no user id (author "Chris Dean")
WARN  node 99998   comment.user_id (comment 540247): no user id (author "Chris Dean")
WARN  node 107415  source capture is truncated (commoncrawl.org 20150426181332) -- content may be incomplete
WARN  node 107770  source capture is truncated (commoncrawl.org 20150421070350) -- content may be incomplete
WARN  node 112848  source capture is truncated (commoncrawl.org 20150426083411) -- content may be incomplete
WARN  node 113873  source capture is truncated (commoncrawl.org 20150426012830) -- content may be incomplete
WARN  node 114058  source capture is truncated (commoncrawl.org 20150425160518) -- content may be incomplete
WARN  node 114160  source capture is truncated (commoncrawl.org 20150425090445) -- content may be incomplete
WARN  node 115022  source capture is truncated (commoncrawl.org 20150425191801) -- content may be incomplete
WARN  node 116273  source capture is truncated (commoncrawl.org 20150420014304) -- content may be incomplete
WARN  node 116402  source capture is truncated (commoncrawl.org 20150419180051) -- content may be incomplete
WARN  node 116592  source capture is truncated (commoncrawl.org 20150421041849) -- content may be incomplete
WARN  node 116746  source capture is truncated (commoncrawl.org 20150421113849) -- content may be incomplete
WARN  node 117317  source capture is truncated (commoncrawl.org 20150425021449) -- content may be incomplete
WARN  node 117640  source capture is truncated (commoncrawl.org 20150418082946) -- content may be incomplete
WARN  node 117648  source capture is truncated (commoncrawl.org 20150427140853) -- content may be incomplete
WARN  node 117653  source capture is truncated (commoncrawl.org 20150425124139) -- content may be incomplete
WARN  node 117705  source capture is truncated (commoncrawl.org 20150420013615) -- content may be incomplete
WARN  node 118094  source capture is truncated (commoncrawl.org 20150418160754) -- content may be incomplete
WARN  node 118186  source capture is truncated (commoncrawl.org 20150425111135) -- content may be incomplete
WARN  node 118521  source capture is truncated (commoncrawl.org 20150421024728) -- content may be incomplete
ERROR node 124554  post.html: empty post body
