WARN  user 668          avatar not downloaded yet: /files/pictures/picture-668.gif
WARN  user 823          avatar not downloaded yet: /files/pictures/picture-823.jpg
WARN  user 1014         avatar not downloaded yet: /files/pictures/picture-1014.gif
WARN  user 1159         avatar not downloaded yet: /files/pictures/picture-1159.gif
WARN  user 1160         avatar not downloaded yet: /files/pictures/picture-1160.png
WARN  user 1165         avatar not downloaded yet: /files/pictures/picture-1165.gif
WARN  user 1172         avatar not downloaded yet: /files/pictures/picture-1172.jpg
WARN  user 1180         avatar not downloaded yet: /files/pictures/picture-1180.jpg
WARN  user 1204         avatar not downloaded yet: /files/pictures/picture-1204.jpg
WARN  user 1259         avatar not downloaded yet: /files/pictures/picture-1259.jpg
WARN  user 1463         avatar not downloaded yet: /files/pictures/picture-1463.jpg
WARN  user 1549         avatar not downloaded yet: /files/pictures/picture-1549.jpg
WARN  user 1661         avatar not downloaded yet: /files/pictures/picture-1661.gif
WARN  user 2653         avatar not downloaded yet: /files/pictures/picture-2653.jpg
WARN  user 2732         avatar not downloaded yet: /files/pictures/picture-2732.jpg
WARN  user 3895         avatar not downloaded yet: /files/pictures/picture-3895.jpg
WARN  user 4167         avatar not downloaded yet: /files/pictures/picture-4167.png
WARN  user 4543         avatar not downloaded yet: /files/pictures/picture-4543.gif
WARN  user 4683         avatar not downloaded yet: /files/pictures/picture-4683.jpg
WARN  user 4734         avatar not downloaded yet: /files/pictures/picture-4734.jpg
WARN  user 4806         avatar not downloaded yet: /files/pictures/picture-4806.jpg
WARN  user 5028         avatar not downloaded yet: /files/pictures/picture-5028.jpg
WARN  user 5148         avatar not downloaded yet: /files/pictures/picture-5148.gif
WARN  user 5667         avatar not downloaded yet: /files/pictures/picture-5667.jpg
WARN  user 5869         avatar not downloaded yet: /files/pictures/picture-5869.jpg
WARN  user 5875         avatar not downloaded yet: /files/pictures/picture-5875.jpg
WARN  user 5914         avatar not downloaded yet: /files/pictures/picture-5914.gif
WARN  user 6038         avatar not downloaded yet: /files/pictures/picture-6038.png
WARN  user 6254         avatar not downloaded yet: /files/pictures/picture-6254.jpg
WARN  user 6513         avatar not downloaded yet: /files/pictures/picture-6513.jpg
WARN  user 7068         avatar not downloaded yet: /files/pictures/picture-7068.gif
WARN  user 7111         avatar not downloaded yet: /files/pictures/picture-7111.jpg
WARN  user 7190         avatar not downloaded yet: /files/pictures/picture-7190.gif
WARN  user 7500         avatar not downloaded yet: /files/pictures/picture-7500.gif
WARN  user 7518         avatar not downloaded yet: /files/pictures/picture-7518.gif
WARN  user 7555         avatar not downloaded yet: /files/pictures/picture-7555.jpg
WARN  user 7576         avatar not downloaded yet: /files/pictures/picture-7576.gif
WARN  user 7772         avatar not downloaded yet: /files/pictures/picture-7772.jpg
WARN  user 7871         avatar not downloaded yet: /files/pictures/picture-7871.gif
WARN  user 7977         avatar not downloaded yet: /files/pictures/picture-7977.jpg
WARN  user 8149         avatar not downloaded yet: /files/pictures/picture-8149.gif
WARN  user 8234         avatar not downloaded yet: /files/pictures/picture-8234.jpg
WARN  user 8291         avatar not downloaded yet: /files/pictures/picture-8291.jpg
WARN  user 8327         avatar not downloaded yet: /files/pictures/picture-8327.gif
WARN  user 8334         avatar not downloaded yet: /files/pictures/picture-8334.jpg
WARN  user 8436         avatar not downloaded yet: /files/pictures/picture-8436.png
WARN  user 8530         avatar not downloaded yet: /files/pictures/picture-8530.jpg
WARN  user 8666         avatar not downloaded yet: /files/pictures/picture-8666.jpg
WARN  user 8706         avatar not downloaded yet: /files/pictures/picture-8706.jpg
WARN  user 9191         avatar not downloaded yet: /files/pictures/picture-9191.jpg
WARN  user 9286         avatar not downloaded yet: /files/pictures/picture-9286.jpg
WARN  user 9408         avatar not downloaded yet: /files/pictures/picture-9408.jpg
WARN  user 9884         avatar not downloaded yet: /files/pictures/picture-9884.gif
WARN  user 9911         avatar not downloaded yet: /files/pictures/picture-9911.png
WARN  user 9928         avatar not downloaded yet: /files/pictures/picture-9928.jpg
WARN  user 10029        avatar not downloaded yet: /files/pictures/picture-10029.jpg
WARN  user 10139        avatar not downloaded yet: /files/pictures/picture-10139.jpg
WARN  user 10302        avatar not downloaded yet: /files/pictures/picture-10302.jpg
WARN  user 10509        avatar not downloaded yet: /files/pictures/picture-10509.jpg
WARN  user 10538        avatar not downloaded yet: /files/pictures/picture-10538.jpg
WARN  user 10729        avatar not downloaded yet: /files/pictures/picture-10729.jpg
WARN  user 11080        avatar not downloaded yet: /files/pictures/picture-11080.gif
WARN  user 11082        avatar not downloaded yet: /files/pictures/picture-11082.png
WARN  user 11134        avatar not downloaded yet: /files/pictures/picture-11134.jpg
WARN  user 11415        avatar not downloaded yet: /files/pictures/picture-11415.png
WARN  user 11506        avatar not downloaded yet: /files/pictures/picture-11506.jpg
WARN  user 11538        avatar not downloaded yet: /files/pictures/picture-11538.jpg
WARN  user 11572        avatar not downloaded yet: /files/pictures/picture-11572.jpg
WARN  user 11578        avatar not downloaded yet: /files/pictures/picture-11578.jpg
WARN  user 11610        avatar not downloaded yet: /files/pictures/picture-11610.gif
WARN  user 11616        avatar not downloaded yet: /files/pictures/picture-11616.gif
WARN  user 11620        avatar not downloaded yet: /files/pictures/picture-11620.jpg
WARN  user 11623        avatar not downloaded yet: /files/pictures/picture-11623.jpg
WARN  user 11653        avatar not downloaded yet: /files/pictures/picture-11653.gif
WARN  user 11657        avatar not downloaded yet: /files/pictures/picture-11657.jpg
WARN  user 11675        avatar not downloaded yet: /files/pictures/picture-11675.jpg
WARN  user 11678        avatar not downloaded yet: /files/pictures/picture-11678.gif
WARN  user 11682        avatar not downloaded yet: /files/pictures/picture-11682.jpg
WARN  user 11693        avatar not downloaded yet: /files/pictures/picture-11693.gif
WARN  user 11695        avatar not downloaded yet: /files/pictures/picture-11695.gif
WARN  user 11697        avatar not downloaded yet: /files/pictures/picture-11697.jpg
WARN  user 11699        avatar not downloaded yet: /files/pictures/picture-11699.jpg
WARN  user 11700        avatar not downloaded yet: /files/pictures/picture-11700.jpg
WARN  user 11702        avatar not downloaded yet: /files/pictures/picture-11702.jpg
WARN  user 11716        avatar not downloaded yet: /files/pictures/picture-11716.jpg
WARN  user 11732        avatar not downloaded yet: /files/pictures/picture-11732.png
WARN  user 11747        avatar not downloaded yet: /files/pictures/picture-11747.gif
WARN  user 11749        avatar not downloaded yet: /files/pictures/picture-11749.jpg
WARN  user 11767        avatar not downloaded yet: /files/pictures/picture-11767.jpg
WARN  user 11790        avatar not downloaded yet: /files/pictures/picture-11790.gif
WARN  user 11800        avatar not downloaded yet: /files/pictures/picture-11800.png
WARN  user 11803        avatar not downloaded yet: /files/pictures/picture-11803.jpg
WARN  user 11809        avatar not downloaded yet: /files/pictures/picture-11809.gif
WARN  user 11821        avatar not downloaded yet: /files/pictures/picture-11821.jpg
WARN  user 11831        avatar not downloaded yet: /files/pictures/picture-11831.gif
WARN  user 11846        avatar not downloaded yet: /files/pictures/picture-11846.jpg
WARN  user 11894        avatar not downloaded yet: /files/pictures/picture-11894.jpg
WARN  user 11898        avatar not downloaded yet: /files/pictures/picture-11898.gif
WARN  user 11911        avatar not downloaded yet: /files/pictures/picture-11911.jpg
WARN  user 11941        avatar not downloaded yet: /files/pictures/picture-11941.jpg
WARN  user 11945        avatar not downloaded yet: /files/pictures/picture-11945.gif
WARN  user 11958        avatar not downloaded yet: /files/pictures/picture-11958.jpg
WARN  user 11964        avatar not downloaded yet: /files/pictures/picture-11964.jpg
WARN  user 11986        avatar not downloaded yet: /files/pictures/picture-11986.jpg
WARN  user 11992        avatar not downloaded yet: /files/pictures/picture-11992.jpg
WARN  user 12000        avatar not downloaded yet: /files/pictures/picture-12000.jpg
WARN  user 12009        avatar not downloaded yet: /files/pictures/picture-12009.gif
WARN  user 12014        avatar not downloaded yet: /files/pictures/picture-12014.gif
WARN  user 12033        avatar not downloaded yet: /files/pictures/picture-12033.jpg
WARN  user 12043        avatar not downloaded yet: /files/pictures/picture-12043.jpg
WARN  user 12076        avatar not downloaded yet: /files/pictures/picture-12076.jpg
WARN  user 12091        avatar not downloaded yet: /files/pictures/picture-12091.jpg
WARN  user 12216        avatar not downloaded yet: /files/pictures/picture-12216.png
WARN  user 12402        avatar not downloaded yet: /files/pictures/picture-12402.jpg
WARN  user 12514        avatar not downloaded yet: /files/pictures/picture-12514.jpg
WARN  user 12558        avatar not downloaded yet: /files/pictures/picture-12558.jpg
WARN  user 12997        avatar not downloaded yet: /files/pictures/picture-12997.jpg
WARN  user 13003        avatar not downloaded yet: /files/pictures/picture-13003.jpg
WARN  user 13154        avatar not downloaded yet: /files/pictures/picture-13154.gif
WARN  user 13265        avatar not downloaded yet: /files/pictures/picture-13265.jpg
WARN  user 13267        avatar not downloaded yet: /files/pictures/picture-13267.jpg
WARN  user 13377        avatar not downloaded yet: /files/pictures/picture-13377.gif
WARN  user 13711        avatar not downloaded yet: /files/pictures/picture-13711.jpg
WARN  user 13764        avatar not downloaded yet: /files/pictures/picture-13764.jpg
WARN  user 13768        avatar not downloaded yet: /files/pictures/picture-13768.jpg
WARN  user 14033        avatar not downloaded yet: /files/pictures/picture-14033.gif
WARN  user 14051        avatar not downloaded yet: /files/pictures/picture-14051.gif
WARN  user 14125        avatar not downloaded yet: /files/pictures/picture-14125.png
WARN  user 14256        avatar not downloaded yet: /files/pictures/picture-14256.gif
WARN  user 14503        avatar not downloaded yet: /files/pictures/picture-14503.jpg
WARN  user 14549        avatar not downloaded yet: /files/pictures/picture-14549.gif
WARN  user 14551        avatar not downloaded yet: /files/pictures/picture-14551.jpg
WARN  user 14601        avatar not downloaded yet: /files/pictures/picture-14601.jpg
WARN  user 14988        avatar not downloaded yet: /files/pictures/picture-14988.gif
WARN  user 15050        avatar not downloaded yet: /files/pictures/picture-15050.gif
WARN  user 15308        avatar not downloaded yet: /files/pictures/picture-15308.jpg
WARN  user 15380        avatar not downloaded yet: /files/pictures/picture-15380.jpg
WARN  user 16327        avatar not downloaded yet: /files/pictures/picture-16327.gif
WARN  user 16536        avatar not downloaded yet: /files/pictures/picture-16536.gif
WARN  user 16548        avatar not downloaded yet: /files/pictures/picture-16548.gif
WARN  user 16696        avatar not downloaded yet: /files/pictures/picture-16696.png
WARN  user 16727        avatar not downloaded yet: /files/pictures/picture-16727.jpg
WARN  user 16832        avatar not downloaded yet: /files/pictures/picture-16832.jpg
WARN  user 16894        avatar not downloaded yet: /files/pictures/picture-16894.jpg
WARN  user 17170        avatar not downloaded yet: /files/pictures/picture-17170.gif
WARN  user 17270        avatar not downloaded yet: /files/pictures/picture-17270.gif
WARN  user 17434        avatar not downloaded yet: /files/pictures/picture-17434.png
WARN  user 17532        avatar not downloaded yet: /files/pictures/picture-17532.png
WARN  user 17693        avatar not downloaded yet: /files/pictures/picture-17693.jpg
WARN  user 17825        avatar not downloaded yet: /files/pictures/picture-17825.jpg
WARN  user 17886        avatar not downloaded yet: /files/pictures/picture-17886.jpg
WARN  user 17926        avatar not downloaded yet: /files/pictures/picture-17926.jpg
WARN  user 17932        avatar not downloaded yet: /files/pictures/picture-17932.jpg
WARN  user 18030        avatar not downloaded yet: /files/pictures/picture-18030.jpg
WARN  user 18363        avatar not downloaded yet: /files/pictures/picture-18363.png
WARN  user 18767        avatar not downloaded yet: /files/pictures/picture-18767.png
WARN  user 18859        avatar not downloaded yet: /files/pictures/picture-18859.gif
WARN  user 18936        avatar not downloaded yet: /files/pictures/picture-18936.gif
WARN  user 18982        avatar not downloaded yet: /files/pictures/picture-18982.png
WARN  user 19204        avatar not downloaded yet: /files/pictures/picture-19204.png
WARN  user 19338        avatar not downloaded yet: /files/pictures/picture-19338.jpg
WARN  user 19412        avatar not downloaded yet: /files/pictures/picture-19412.jpg
WARN  user 19431        avatar not downloaded yet: /files/pictures/picture-19431.jpg
WARN  user 19540        avatar not downloaded yet: /files/pictures/picture-19540.jpg
WARN  user 19581        avatar not downloaded yet: /files/pictures/picture-19581.jpg
WARN  user 19768        avatar not downloaded yet: /files/pictures/picture-19768.jpg
WARN  user 19912        avatar not downloaded yet: /files/pictures/picture-19912.gif
WARN  user 19922        avatar not downloaded yet: /files/pictures/picture-19922.jpg
WARN  user 20112        avatar not downloaded yet: /files/pictures/picture-20112.jpg
WARN  user 20183        avatar not downloaded yet: /files/pictures/picture-20183.png
WARN  user 20227        avatar not downloaded yet: /files/pictures/picture-20227.png
WARN  user 20830        avatar not downloaded yet: /files/pictures/picture-20830.gif
WARN  user 20841        avatar not downloaded yet: /files/pictures/picture-20841.jpg
WARN  user 21108        avatar not downloaded yet: /files/pictures/picture-21108.gif
WARN  user 21135        avatar not downloaded yet: /files/pictures/picture-21135.jpg
WARN  user 21266        avatar not downloaded yet: /files/pictures/picture-21266.gif
WARN  user 21502        avatar not downloaded yet: /files/pictures/picture-21502.jpg
WARN  user 21674        avatar not downloaded yet: /files/pictures/picture-21674.jpg
WARN  user 21711        avatar not downloaded yet: /files/pictures/picture-21711.jpg
WARN  user 21956        avatar not downloaded yet: /files/pictures/picture-21956.jpg
WARN  user 22189        avatar not downloaded yet: /files/pictures/picture-22189.png
WARN  user 22370        avatar not downloaded yet: /files/pictures/picture-22370.jpg
WARN  user 22648        avatar not downloaded yet: /files/pictures/picture-22648.gif
WARN  user 22745        avatar not downloaded yet: /files/pictures/picture-22745.jpg
WARN  user 22839        avatar not downloaded yet: /files/pictures/picture-22839.gif
WARN  user 22983        avatar not downloaded yet: /files/pictures/picture-22983.jpg
WARN  user 23015        avatar not downloaded yet: /files/pictures/picture-23015.jpg
WARN  user 23113        avatar not downloaded yet: /files/pictures/picture-23113.jpg
WARN  user 23280        avatar not downloaded yet: /files/pictures/picture-23280.png
WARN  user 23453        avatar not downloaded yet: /files/pictures/picture-23453.jpg
WARN  user 23479        avatar not downloaded yet: /files/pictures/picture-23479.png
WARN  user 23550        avatar not downloaded yet: /files/pictures/picture-23550.gif
WARN  user 23651        avatar not downloaded yet: /files/pictures/picture-23651.png
WARN  user 23796        avatar not downloaded yet: /files/pictures/picture-23796.jpg
WARN  user 23870        avatar not downloaded yet: /files/pictures/picture-23870.png
WARN  user 23891        avatar not downloaded yet: /files/pictures/picture-23891.jpg
WARN  user 24126        avatar not downloaded yet: /files/pictures/picture-24126.jpg
WARN  user 24175        avatar not downloaded yet: /files/pictures/picture-24175.jpg
WARN  user 24208        avatar not downloaded yet: /files/pictures/picture-24208.jpg
WARN  user 24290        avatar not downloaded yet: /files/pictures/picture-24290.jpg
WARN  user 24339        avatar not downloaded yet: /files/pictures/picture-24339.jpg
WARN  user 24743        avatar not downloaded yet: /files/pictures/picture-24743.jpg
WARN  user 25018        avatar not downloaded yet: /files/pictures/picture-25018.gif
WARN  user 25371        avatar not downloaded yet: /files/pictures/picture-25371.jpg
WARN  user 25513        avatar not downloaded yet: /files/pictures/picture-25513.jpg
WARN  user 26003        avatar not downloaded yet: /files/pictures/picture-26003.jpg
WARN  user 26061        avatar not downloaded yet: /files/pictures/picture-26061.jpg
WARN  user 26075        avatar not downloaded yet: /files/pictures/picture-26075.png
WARN  user 26087        avatar not downloaded yet: /files/pictures/picture-26087.jpg
WARN  user 26165        avatar not downloaded yet: /files/pictures/picture-26165.jpg
WARN  user 26170        avatar not downloaded yet: /files/pictures/picture-26170.jpg
WARN  user 26183        avatar not downloaded yet: /files/pictures/picture-26183.jpg
WARN  user 26204        avatar not downloaded yet: /files/pictures/picture-26204.jpg
WARN  user 26217        avatar not downloaded yet: /files/pictures/picture-26217.jpg
WARN  user 26443        avatar not downloaded yet: /files/pictures/picture-26443.png
WARN  user 26665        avatar not downloaded yet: /files/pictures/picture-26665.png
WARN  user 26731        avatar not downloaded yet: /files/pictures/picture-26731.jpg
WARN  user 26755        avatar not downloaded yet: /files/pictures/picture-26755.jpg
WARN  user 26986        avatar not downloaded yet: /files/pictures/picture-26986.jpg
WARN  user 27025        avatar not downloaded yet: /files/pictures/picture-27025.jpg
WARN  user 27035        avatar not downloaded yet: /files/pictures/picture-27035.png
WARN  user 27070        avatar not downloaded yet: /files/pictures/picture-27070.jpg
WARN  user 27217        avatar not downloaded yet: /files/pictures/picture-27217.jpg
WARN  user 27296        avatar not downloaded yet: /files/pictures/picture-27296.png
WARN  user 27344        avatar not downloaded yet: /files/pictures/picture-27344.jpg
WARN  user 28070        avatar not downloaded yet: /files/pictures/picture-28070.jpg
WARN  user 28299        avatar not downloaded yet: /files/pictures/picture-28299.jpg
WARN  user 28315        avatar not downloaded yet: /files/pictures/picture-28315.jpg
WARN  user 28327        avatar not downloaded yet: /files/pictures/picture-28327.jpg
WARN  user 28354        avatar not downloaded yet: /files/pictures/picture-28354.jpg
WARN  user 28657        avatar not downloaded yet: /files/pictures/picture-28657.png
WARN  user 28793        avatar not downloaded yet: /files/pictures/picture-28793.png
WARN  user 28889        avatar not downloaded yet: /files/pictures/picture-28889.jpg
WARN  user 29151        avatar not downloaded yet: /files/pictures/picture-29151.gif
WARN  user 29264        avatar not downloaded yet: /files/pictures/picture-29264.jpg
WARN  user 29648        avatar not downloaded yet: /files/pictures/picture-29648.jpg
WARN  user 30224        avatar not downloaded yet: /files/pictures/picture-30224.jpg
WARN  user 30258        avatar not downloaded yet: /files/pictures/picture-30258.png
WARN  user 30309        avatar not downloaded yet: /files/pictures/picture-30309.jpg
WARN  user 30703        avatar not downloaded yet: /files/pictures/picture-30703.jpg
WARN  user 30845        avatar not downloaded yet: /files/pictures/picture-30845.jpg
WARN  user 31313        avatar not downloaded yet: /files/pictures/picture-31313.jpg
WARN  user 31358        avatar not downloaded yet: /files/pictures/picture-31358.jpg
WARN  user 31398        avatar not downloaded yet: /files/pictures/picture-31398.jpg
WARN  user 31720        avatar not downloaded yet: /files/pictures/picture-31720.jpg
WARN  user 31811        avatar not downloaded yet: /files/pictures/picture-31811.jpg
WARN  user 31915        avatar not downloaded yet: /files/pictures/picture-31915.jpg
WARN  user 32093        avatar not downloaded yet: /files/pictures/picture-32093.gif
WARN  user 32374        avatar not downloaded yet: /files/pictures/picture-32374.png
WARN  user 32394        avatar not downloaded yet: /files/pictures/picture-32394.jpg
WARN  user 32423        avatar not downloaded yet: /files/pictures/picture-32423.jpg
WARN  user 32656        avatar not downloaded yet: /files/pictures/picture-32656.gif
WARN  user 32794        avatar not downloaded yet: /files/pictures/picture-32794.jpg
WARN  user 32964        avatar not downloaded yet: /files/pictures/picture-32964.jpg
WARN  user 33626        avatar not downloaded yet: /files/pictures/picture-33626.jpg
WARN  user 33859        avatar not downloaded yet: /files/pictures/picture-33859.jpg
WARN  user 35008        avatar not downloaded yet: /files/pictures/picture-35008.jpg
WARN  user 35113        avatar not downloaded yet: /files/pictures/picture-35113.gif
WARN  user 35475        avatar not downloaded yet: /files/pictures/picture-35475.jpg
WARN  user 36275        avatar not downloaded yet: /files/pictures/picture-36275.png
WARN  user 36530        avatar not downloaded yet: /files/pictures/picture-36530.gif
WARN  user 36620        avatar not downloaded yet: /files/pictures/picture-36620.jpg
WARN  user 36678        avatar not downloaded yet: /files/pictures/picture-36678.jpg
WARN  user 36977        avatar not downloaded yet: /files/pictures/picture-36977.gif
WARN  user 37071        avatar not downloaded yet: /files/pictures/picture-37071.jpg
WARN  user 37159        avatar not downloaded yet: /files/pictures/picture-37159.jpg
WARN  user 37164        avatar not downloaded yet: /files/pictures/picture-37164.jpg
WARN  user 37791        avatar not downloaded yet: /files/pictures/picture-37791.png
WARN  user 37880        avatar not downloaded yet: /files/pictures/picture-37880.jpg
WARN  user 38152        avatar not downloaded yet: /files/pictures/picture-38152.jpg
WARN  user 38991        avatar not downloaded yet: /files/pictures/picture-38991.gif
WARN  user 39053        avatar not downloaded yet: /files/pictures/picture-39053.jpg
WARN  user 39379        avatar not downloaded yet: /files/pictures/picture-39379.jpg
WARN  user 39556        avatar not downloaded yet: /files/pictures/picture-39556.jpg
WARN  user 39649        avatar not downloaded yet: /files/pictures/picture-39649.jpg
WARN  user 39723        avatar not downloaded yet: /files/pictures/picture-39723.jpg
WARN  user 40664        avatar not downloaded yet: /files/pictures/picture-40664.png
WARN  user 40734        avatar not downloaded yet: /files/pictures/picture-40734.jpg
WARN  user 40885        avatar not downloaded yet: /files/pictures/picture-40885.png
WARN  user 40914        avatar not downloaded yet: /files/pictures/picture-40914.jpg
WARN  user 40920        avatar not downloaded yet: /files/pictures/picture-40920.jpg
WARN  user 40936        avatar not downloaded yet: /files/pictures/picture-40936.jpg
WARN  user 41236        avatar not downloaded yet: /files/pictures/picture-41236.jpg
WARN  user 41297        avatar not downloaded yet: /files/pictures/picture-41297.jpg
WARN  user 41312        avatar not downloaded yet: /files/pictures/picture-41312.jpg
WARN  user 41318        avatar not downloaded yet: /files/pictures/picture-41318.jpg
WARN  user 41394        avatar not downloaded yet: /files/pictures/picture-41394.jpg
WARN  user 41535        avatar not downloaded yet: /files/pictures/picture-41535.png
WARN  user 41567        avatar not downloaded yet: /files/pictures/picture-41567.jpg
WARN  user 42344        avatar not downloaded yet: /files/pictures/picture-42344.jpg
WARN  user 42349        avatar not downloaded yet: /files/pictures/picture-42349.jpg
WARN  user 44930        avatar not downloaded yet: /files/pictures/picture-44930.jpg
WARN  user 46071        avatar not downloaded yet: /files/pictures/picture-46071.gif
WARN  user 46245        avatar not downloaded yet: /files/pictures/picture-46245.gif
WARN  user 47015        avatar not downloaded yet: /files/pictures/picture-47015.jpg
WARN  user 47423        avatar not downloaded yet: /files/pictures/picture-47423.jpg
WARN  user 47719        avatar not downloaded yet: /files/pictures/picture-47719.png
WARN  user 49444        avatar not downloaded yet: /files/pictures/picture-49444.png
WARN  user 50812        avatar not downloaded yet: /files/pictures/picture-50812.jpg
WARN  user 52897        avatar not downloaded yet: /files/pictures/picture-52897.jpg
WARN  user 62670        avatar not downloaded yet: /files/pictures/picture-62670.jpg
WARN  user 63728        avatar not downloaded yet: /files/pictures/picture-63728.jpg
WARN  user 64403        avatar not downloaded yet: /files/pictures/picture-64403.jpg
WARN  user 66623        avatar not downloaded yet: /files/pictures/picture-66623.jpg
WARN  user 68416        avatar not downloaded yet: /files/pictures/picture-68416.jpg
WARN  user 69312        avatar not downloaded yet: /files/pictures/picture-69312.gif
WARN  user 70256        avatar not downloaded yet: /files/pictures/picture-70256.jpg
WARN  user 71371        avatar not downloaded yet: /files/pictures/picture-71371.jpg
WARN  user 77113        avatar not downloaded yet: /files/pictures/picture-77113.jpg
WARN  user 77229        avatar not downloaded yet: /files/pictures/picture-77229.jpg
WARN  user 80593        avatar not downloaded yet: /files/pictures/picture-80593.png
WARN  user 80742        avatar not downloaded yet: /files/pictures/picture-80742.gif
WARN  user 83604        avatar not downloaded yet: /files/pictures/picture-83604.jpg
WARN  user 83769        avatar not downloaded yet: /files/pictures/picture-83769.jpg
WARN  user 84058        avatar not downloaded yet: /files/pictures/picture-84058.jpg
WARN  user 86002        avatar not downloaded yet: /files/pictures/picture-86002.png
WARN  user 86491        avatar not downloaded yet: /files/pictures/picture-86491.jpg
WARN  user 87215        avatar not downloaded yet: /files/pictures/picture-87215.jpg
WARN  user 88704        avatar not downloaded yet: /files/pictures/picture-88704.gif
WARN  user 94080        avatar not downloaded yet: /files/pictures/picture-94080.png
WARN  user 95490        avatar not downloaded yet: /files/pictures/picture-95490.jpg
WARN  user 96967        avatar not downloaded yet: /files/pictures/picture-96967.jpg
WARN  user 105224       avatar not downloaded yet: /files/pictures/picture-105224.jpg
WARN  user 145986       avatar not downloaded yet: /files/pictures/picture-145986.jpg
WARN  user 156746       avatar not downloaded yet: /files/pictures/picture-156746.jpg
WARN  user 168087       avatar not downloaded yet: /files/pictures/picture-168087.png
WARN  user 175297       avatar not downloaded yet: /files/pictures/picture-175297.jpg
WARN  user 177487       avatar not downloaded yet: /files/pictures/picture-177487.jpg
WARN  user 183153       avatar not downloaded yet: /files/pictures/picture-183153.jpg
WARN  user 184593       avatar not downloaded yet: /files/pictures/picture-184593.jpg
WARN  user 185709       avatar not downloaded yet: /files/pictures/picture-185709.jpg
WARN  user 186617       avatar not downloaded yet: /files/pictures/picture-186617.jpg
WARN  user 186783       avatar not downloaded yet: /files/pictures/picture-186783.jpg
WARN  user 186895       avatar not downloaded yet: /files/pictures/picture-186895.jpg
WARN  user 187118       avatar not downloaded yet: /files/pictures/picture-187118.jpg
WARN  user 188257       avatar not downloaded yet: /files/pictures/picture-188257.jpg
WARN  user 188741       avatar not downloaded yet: /files/pictures/picture-188741.png
WARN  user 188901       avatar not downloaded yet: /files/pictures/picture-188901.jpg
WARN  user 192497       avatar not downloaded yet: /files/pictures/picture-192497.jpg
WARN  user 194387       avatar not downloaded yet: /files/pictures/picture-194387.jpg
WARN  user 195909       avatar not downloaded yet: /files/pictures/picture-195909.jpg
WARN  user 196392       avatar not downloaded yet: /files/pictures/picture-196392.jpg
WARN  user 196658       avatar not downloaded yet: /files/pictures/picture-196658.png
WARN  user 196809       avatar not downloaded yet: /files/pictures/picture-196809.jpg
WARN  user 197261       avatar not downloaded yet: /files/pictures/picture-197261.jpg
WARN  user 197337       avatar not downloaded yet: /files/pictures/picture-197337.jpg
WARN  user 197545       avatar not downloaded yet: /files/pictures/picture-197545.jpg
WARN  user 198028       avatar not downloaded yet: /files/pictures/picture-198028.jpg
WARN  user 204587       avatar not downloaded yet: /files/pictures/picture-204587.jpg
WARN  user 205266       avatar not downloaded yet: /files/pictures/picture-205266.jpg
WARN  user 206110       avatar not downloaded yet: /files/pictures/picture-206110.png
WARN  user 206306       avatar not downloaded yet: /files/pictures/picture-206306.jpg
WARN  user 206553       avatar not downloaded yet: /files/pictures/picture-206553.jpg
WARN  user 207143       avatar not downloaded yet: /files/pictures/picture-207143.jpg
WARN  user 207179       avatar not downloaded yet: /files/pictures/picture-207179.jpg
WARN  user 207359       avatar not downloaded yet: /files/pictures/picture-207359.jpg
WARN  user 208820       avatar not downloaded yet: /files/pictures/picture-208820.jpg
WARN  user 210223       avatar not downloaded yet: /files/pictures/picture-210223.png
WARN  user 214182       avatar not downloaded yet: /files/pictures/picture-214182.jpg
WARN  user 215339       avatar not downloaded yet: /files/pictures/picture-215339.png
WARN  user 215604       avatar not downloaded yet: /files/pictures/picture-215604.png
WARN  user 216270       avatar not downloaded yet: /files/pictures/picture-216270.jpg
WARN  user 216942       avatar not downloaded yet: /files/pictures/picture-216942.jpg
WARN  user 216970       avatar not downloaded yet: /files/pictures/picture-216970.jpg
WARN  user 216975       avatar not downloaded yet: /files/pictures/picture-216975.jpg
WARN  user 217019       avatar not downloaded yet: /files/pictures/picture-217019.jpg
WARN  user 218435       avatar not downloaded yet: /files/pictures/picture-218435.png
WARN  user 218529       avatar not downloaded yet: /files/pictures/picture-218529.jpg
WARN  user 218565       avatar not downloaded yet: /files/pictures/picture-218565.png
WARN  user 218987       avatar not downloaded yet: /files/pictures/picture-218987.jpg
WARN  user 219197       avatar not downloaded yet: /files/pictures/picture-219197.jpg
WARN  user 220413       avatar not downloaded yet: /files/pictures/picture-220413.jpg
WARN  user 221379       avatar not downloaded yet: /files/pictures/picture-221379.jpg
WARN  user 221507       avatar not downloaded yet: /files/pictures/picture-221507.jpg
WARN  user 221668       avatar not downloaded yet: /files/pictures/picture-221668.jpg
WARN  user 221710       avatar not downloaded yet: /files/pictures/picture-221710.jpg
WARN  user 221774       avatar not downloaded yet: /files/pictures/picture-221774.jpg
WARN  user 221934       avatar not downloaded yet: /files/pictures/picture-221934.jpg
WARN  user 221942       avatar not downloaded yet: /files/pictures/picture-221942.jpg
WARN  user 221970       avatar not downloaded yet: /files/pictures/picture-221970.jpg
WARN  user 222018       avatar not downloaded yet: /files/pictures/picture-222018.jpg
WARN  user 222263       avatar not downloaded yet: /files/pictures/picture-222263.png
WARN  user 222536       avatar not downloaded yet: /files/pictures/picture-222536.jpg
WARN  user 222824       avatar not downloaded yet: /files/pictures/picture-222824.png
WARN  user 223151       avatar not downloaded yet: /files/pictures/picture-223151.jpg
WARN  user 223372       avatar not downloaded yet: /files/pictures/picture-223372.jpg
WARN  user 223644       avatar not downloaded yet: /files/pictures/picture-223644.jpg
WARN  user 223706       avatar not downloaded yet: /files/pictures/picture-223706.jpg
